// Jest Snapshot v1, https://goo.gl/fbAQLP

exports[`compiler plugin count 1`] = `
Compiler {
  "_plugins": Object {
    "after-emit": Array [
      [Function],
    ],
    "after-resolvers": Array [
      [Function],
      [Function],
    ],
    "before-run": Array [
      [Function],
    ],
    "compilation": Array [
      [Function],
      [Function],
      [Function],
      [Function],
      [Function],
      [Function],
      [Function],
      [Function],
      [Function],
      [Function],
      [Function],
      [Function],
      [Function],
      [Function],
      [Function],
      [Function],
      [Function],
      [Function],
      [Function],
      [Function],
      [Function],
      [Function],
      [Function],
      [Function],
      [Function],
      [Function],
      [Function],
      [Function],
      [Function],
      [Function],
      [Function],
      [Function],
    ],
    "done": Array [
      [Function],
    ],
    "entry-option": Array [
      [Function],
    ],
    "invalid": Array [
      [Function],
    ],
    "make": Array [
      [Function],
    ],
    "this-compilation": Array [
      [Function],
    ],
  },
  "context": "/Users/shargrove/dev/repos/uglifyjs-webpack-plugin",
  "contextTimestamps": Object {},
  "dependencies": undefined,
  "fileTimestamps": Object {},
  "inputFileSystem": CachedInputFileSystem {
    "_readFile": [Function],
    "_readFileStorage": Storage {
      "count": 0,
      "data": Object {},
      "duration": 60000,
      "interval": null,
      "levels": Array [
        Array [],
        Array [],
        Array [],
        Array [],
        Array [],
        Array [],
        Array [],
        Array [],
        Array [],
        Array [],
        Array [],
        Array [],
        Array [],
        Array [],
        Array [],
        Array [],
        Array [],
        Array [],
        Array [],
        Array [],
        Array [],
        Array [],
        Array [],
        Array [],
        Array [],
        Array [],
        Array [],
        Array [],
        Array [],
        Array [],
        Array [],
        Array [],
        Array [],
        Array [],
        Array [],
        Array [],
        Array [],
        Array [],
        Array [],
        Array [],
        Array [],
        Array [],
        Array [],
        Array [],
        Array [],
        Array [],
        Array [],
        Array [],
        Array [],
        Array [],
        Array [],
        Array [],
        Array [],
        Array [],
        Array [],
        Array [],
        Array [],
        Array [],
        Array [],
        Array [],
        Array [],
        Array [],
        Array [],
        Array [],
        Array [],
        Array [],
        Array [],
        Array [],
        Array [],
        Array [],
        Array [],
        Array [],
        Array [],
        Array [],
        Array [],
        Array [],
        Array [],
        Array [],
        Array [],
        Array [],
        Array [],
        Array [],
        Array [],
        Array [],
        Array [],
        Array [],
        Array [],
        Array [],
        Array [],
        Array [],
        Array [],
        Array [],
        Array [],
        Array [],
        Array [],
        Array [],
        Array [],
        Array [],
        Array [],
        Array [],
        Array [],
        Array [],
        Array [],
        Array [],
        Array [],
        Array [],
        Array [],
        Array [],
        Array [],
        Array [],
        Array [],
        Array [],
        Array [],
      ],
      "needTickCheck": false,
      "nextTick": null,
      "passive": true,
      "running": Object {},
      "tick": [Function],
    },
    "_readFileSync": [Function],
    "_readJson": [Function],
    "_readJsonStorage": Storage {
      "count": 0,
      "data": Object {},
      "duration": 60000,
      "interval": null,
      "levels": Array [
        Array [],
        Array [],
        Array [],
        Array [],
        Array [],
        Array [],
        Array [],
        Array [],
        Array [],
        Array [],
        Array [],
        Array [],
        Array [],
        Array [],
        Array [],
        Array [],
        Array [],
        Array [],
        Array [],
        Array [],
        Array [],
        Array [],
        Array [],
        Array [],
        Array [],
        Array [],
        Array [],
        Array [],
        Array [],
        Array [],
        Array [],
        Array [],
        Array [],
        Array [],
        Array [],
        Array [],
        Array [],
        Array [],
        Array [],
        Array [],
        Array [],
        Array [],
        Array [],
        Array [],
        Array [],
        Array [],
        Array [],
        Array [],
        Array [],
        Array [],
        Array [],
        Array [],
        Array [],
        Array [],
        Array [],
        Array [],
        Array [],
        Array [],
        Array [],
        Array [],
        Array [],
        Array [],
        Array [],
        Array [],
        Array [],
        Array [],
        Array [],
        Array [],
        Array [],
        Array [],
        Array [],
        Array [],
        Array [],
        Array [],
        Array [],
        Array [],
        Array [],
        Array [],
        Array [],
        Array [],
        Array [],
        Array [],
        Array [],
        Array [],
        Array [],
        Array [],
        Array [],
        Array [],
        Array [],
        Array [],
        Array [],
        Array [],
        Array [],
        Array [],
        Array [],
        Array [],
        Array [],
        Array [],
        Array [],
        Array [],
        Array [],
        Array [],
        Array [],
        Array [],
        Array [],
        Array [],
        Array [],
        Array [],
        Array [],
        Array [],
        Array [],
        Array [],
        Array [],
      ],
      "needTickCheck": false,
      "nextTick": null,
      "passive": true,
      "running": Object {},
      "tick": [Function],
    },
    "_readJsonSync": [Function],
    "_readdir": [Function],
    "_readdirStorage": Storage {
      "count": 0,
      "data": Object {},
      "duration": 60000,
      "interval": null,
      "levels": Array [
        Array [],
        Array [],
        Array [],
        Array [],
        Array [],
        Array [],
        Array [],
        Array [],
        Array [],
        Array [],
        Array [],
        Array [],
        Array [],
        Array [],
        Array [],
        Array [],
        Array [],
        Array [],
        Array [],
        Array [],
        Array [],
        Array [],
        Array [],
        Array [],
        Array [],
        Array [],
        Array [],
        Array [],
        Array [],
        Array [],
        Array [],
        Array [],
        Array [],
        Array [],
        Array [],
        Array [],
        Array [],
        Array [],
        Array [],
        Array [],
        Array [],
        Array [],
        Array [],
        Array [],
        Array [],
        Array [],
        Array [],
        Array [],
        Array [],
        Array [],
        Array [],
        Array [],
        Array [],
        Array [],
        Array [],
        Array [],
        Array [],
        Array [],
        Array [],
        Array [],
        Array [],
        Array [],
        Array [],
        Array [],
        Array [],
        Array [],
        Array [],
        Array [],
        Array [],
        Array [],
        Array [],
        Array [],
        Array [],
        Array [],
        Array [],
        Array [],
        Array [],
        Array [],
        Array [],
        Array [],
        Array [],
        Array [],
        Array [],
        Array [],
        Array [],
        Array [],
        Array [],
        Array [],
        Array [],
        Array [],
        Array [],
        Array [],
        Array [],
        Array [],
        Array [],
        Array [],
        Array [],
        Array [],
        Array [],
        Array [],
        Array [],
        Array [],
        Array [],
        Array [],
        Array [],
        Array [],
        Array [],
        Array [],
        Array [],
        Array [],
        Array [],
        Array [],
        Array [],
      ],
      "needTickCheck": false,
      "nextTick": null,
      "passive": true,
      "running": Object {},
      "tick": [Function],
    },
    "_readdirSync": [Function],
    "_readlink": [Function],
    "_readlinkStorage": Storage {
      "count": 0,
      "data": Object {},
      "duration": 60000,
      "interval": null,
      "levels": Array [
        Array [],
        Array [],
        Array [],
        Array [],
        Array [],
        Array [],
        Array [],
        Array [],
        Array [],
        Array [],
        Array [],
        Array [],
        Array [],
        Array [],
        Array [],
        Array [],
        Array [],
        Array [],
        Array [],
        Array [],
        Array [],
        Array [],
        Array [],
        Array [],
        Array [],
        Array [],
        Array [],
        Array [],
        Array [],
        Array [],
        Array [],
        Array [],
        Array [],
        Array [],
        Array [],
        Array [],
        Array [],
        Array [],
        Array [],
        Array [],
        Array [],
        Array [],
        Array [],
        Array [],
        Array [],
        Array [],
        Array [],
        Array [],
        Array [],
        Array [],
        Array [],
        Array [],
        Array [],
        Array [],
        Array [],
        Array [],
        Array [],
        Array [],
        Array [],
        Array [],
        Array [],
        Array [],
        Array [],
        Array [],
        Array [],
        Array [],
        Array [],
        Array [],
        Array [],
        Array [],
        Array [],
        Array [],
        Array [],
        Array [],
        Array [],
        Array [],
        Array [],
        Array [],
        Array [],
        Array [],
        Array [],
        Array [],
        Array [],
        Array [],
        Array [],
        Array [],
        Array [],
        Array [],
        Array [],
        Array [],
        Array [],
        Array [],
        Array [],
        Array [],
        Array [],
        Array [],
        Array [],
        Array [],
        Array [],
        Array [],
        Array [],
        Array [],
        Array [],
        Array [],
        Array [],
        Array [],
        Array [],
        Array [],
        Array [],
        Array [],
        Array [],
        Array [],
        Array [],
      ],
      "needTickCheck": false,
      "nextTick": null,
      "passive": true,
      "running": Object {},
      "tick": [Function],
    },
    "_readlinkSync": [Function],
    "_stat": [Function],
    "_statStorage": Storage {
      "count": 0,
      "data": Object {},
      "duration": 60000,
      "interval": null,
      "levels": Array [
        Array [],
        Array [],
        Array [],
        Array [],
        Array [],
        Array [],
        Array [],
        Array [],
        Array [],
        Array [],
        Array [],
        Array [],
        Array [],
        Array [],
        Array [],
        Array [],
        Array [],
        Array [],
        Array [],
        Array [],
        Array [],
        Array [],
        Array [],
        Array [],
        Array [],
        Array [],
        Array [],
        Array [],
        Array [],
        Array [],
        Array [],
        Array [],
        Array [],
        Array [],
        Array [],
        Array [],
        Array [],
        Array [],
        Array [],
        Array [],
        Array [],
        Array [],
        Array [],
        Array [],
        Array [],
        Array [],
        Array [],
        Array [],
        Array [],
        Array [],
        Array [],
        Array [],
        Array [],
        Array [],
        Array [],
        Array [],
        Array [],
        Array [],
        Array [],
        Array [],
        Array [],
        Array [],
        Array [],
        Array [],
        Array [],
        Array [],
        Array [],
        Array [],
        Array [],
        Array [],
        Array [],
        Array [],
        Array [],
        Array [],
        Array [],
        Array [],
        Array [],
        Array [],
        Array [],
        Array [],
        Array [],
        Array [],
        Array [],
        Array [],
        Array [],
        Array [],
        Array [],
        Array [],
        Array [],
        Array [],
        Array [],
        Array [],
        Array [],
        Array [],
        Array [],
        Array [],
        Array [],
        Array [],
        Array [],
        Array [],
        Array [],
        Array [],
        Array [],
        Array [],
        Array [],
        Array [],
        Array [],
        Array [],
        Array [],
        Array [],
        Array [],
        Array [],
        Array [],
      ],
      "needTickCheck": false,
      "nextTick": null,
      "passive": true,
      "running": Object {},
      "tick": [Function],
    },
    "_statSync": [Function],
    "fileSystem": NodeJsInputFileSystem {},
  },
  "name": undefined,
  "options": Object {
    "bail": true,
    "cache": false,
    "context": "/Users/shargrove/dev/repos/uglifyjs-webpack-plugin",
    "devtool": false,
    "entry": "/Users/shargrove/dev/repos/uglifyjs-webpack-plugin/test/fixtures/es2015/entry.js",
    "module": Object {
      "exprContextCritical": true,
      "exprContextRecursive": true,
      "exprContextRegExp": false,
      "exprContextRequest": ".",
      "strictExportPresence": false,
      "strictThisContextOnImports": false,
      "unknownContextCritical": true,
      "unknownContextRecursive": true,
      "unknownContextRegExp": false,
      "unknownContextRequest": ".",
      "unsafeCache": true,
      "wrappedContextCritical": false,
      "wrappedContextRecursive": true,
      "wrappedContextRegExp": /\\.\\*/,
    },
    "node": Object {
      "Buffer": true,
      "__dirname": "mock",
      "__filename": "mock",
      "console": false,
      "global": true,
      "process": true,
      "setImmediate": true,
    },
    "output": Object {
      "chunkFilename": "[id].[name].[chunkhash].js",
      "chunkLoadTimeout": 120000,
      "crossOriginLoading": false,
      "devtoolLineToLine": false,
      "filename": "[name].[chunkhash].js",
      "hashDigest": "hex",
      "hashDigestLength": 20,
      "hashFunction": "md5",
      "hotUpdateChunkFilename": "[id].[hash].hot-update.js",
      "hotUpdateFunction": "webpackHotUpdate",
      "hotUpdateMainFilename": "[hash].hot-update.json",
      "jsonpFunction": "webpackJsonp",
      "library": "",
      "libraryTarget": "var",
      "path": "/Users/shargrove/dev/repos/uglifyjs-webpack-plugin/test/dist-MultiCompiler",
      "sourceMapFilename": "[file].map[query]",
      "strictModuleExceptionHandling": false,
    },
    "performance": Object {
      "hints": false,
      "maxAssetSize": 250000,
      "maxEntrypointSize": 250000,
    },
    "plugins": Array [
      UglifyJsPlugin {
        "options": Object {
          "test": /\\\\\\.js\\(\\$\\|\\\\\\?\\)/i,
          "warningsFilter": [Function],
        },
        "uglifyOptions": Object {},
      },
    ],
    "resolve": Object {
      "aliasFields": Array [
        "browser",
      ],
      "extensions": Array [
        ".js",
        ".json",
      ],
      "mainFields": Array [
        "browser",
        "module",
        "main",
      ],
      "mainFiles": Array [
        "index",
      ],
      "modules": Array [
        "node_modules",
      ],
      "unsafeCache": true,
    },
    "resolveLoader": Object {
      "extensions": Array [
        ".js",
        ".json",
      ],
      "mainFields": Array [
        "loader",
        "main",
      ],
      "mainFiles": Array [
        "index",
      ],
      "unsafeCache": true,
    },
    "target": "web",
  },
  "outputFileSystem": MemoryFileSystem {
    "data": Object {},
  },
  "outputPath": "/Users/shargrove/dev/repos/uglifyjs-webpack-plugin/test/dist-MultiCompiler",
  "parser": Object {
    "apply": [Function],
    "plugin": [Function],
  },
  "records": Object {},
  "recordsInputPath": undefined,
  "recordsOutputPath": undefined,
  "resolvers": Object {
    "context": Resolver {
      "_plugins": Object {
        "after-described-resolve": Array [
          [Function],
          [Function],
        ],
        "after-parsed-resolve": Array [
          [Function],
        ],
        "after-relative": Array [
          [Function],
        ],
        "described-relative": Array [
          [Function],
          [Function],
        ],
        "described-resolve": Array [
          [Function],
          [Function],
        ],
        "directory": Array [
          [Function],
        ],
        "existing-directory": Array [
          [Function],
        ],
        "module": Array [
          [Function],
        ],
        "new-resolve": Array [
          [Function],
        ],
        "parsed-resolve": Array [
          [Function],
        ],
        "raw-module": Array [
          [Function],
        ],
        "relative": Array [
          [Function],
        ],
        "resolve": Array [
          [Function],
        ],
        "resolved": Array [
          [Function],
        ],
      },
      "fileSystem": CachedInputFileSystem {
        "_readFile": [Function],
        "_readFileStorage": Storage {
          "count": 0,
          "data": Object {},
          "duration": 60000,
          "interval": null,
          "levels": Array [
            Array [],
            Array [],
            Array [],
            Array [],
            Array [],
            Array [],
            Array [],
            Array [],
            Array [],
            Array [],
            Array [],
            Array [],
            Array [],
            Array [],
            Array [],
            Array [],
            Array [],
            Array [],
            Array [],
            Array [],
            Array [],
            Array [],
            Array [],
            Array [],
            Array [],
            Array [],
            Array [],
            Array [],
            Array [],
            Array [],
            Array [],
            Array [],
            Array [],
            Array [],
            Array [],
            Array [],
            Array [],
            Array [],
            Array [],
            Array [],
            Array [],
            Array [],
            Array [],
            Array [],
            Array [],
            Array [],
            Array [],
            Array [],
            Array [],
            Array [],
            Array [],
            Array [],
            Array [],
            Array [],
            Array [],
            Array [],
            Array [],
            Array [],
            Array [],
            Array [],
            Array [],
            Array [],
            Array [],
            Array [],
            Array [],
            Array [],
            Array [],
            Array [],
            Array [],
            Array [],
            Array [],
            Array [],
            Array [],
            Array [],
            Array [],
            Array [],
            Array [],
            Array [],
            Array [],
            Array [],
            Array [],
            Array [],
            Array [],
            Array [],
            Array [],
            Array [],
            Array [],
            Array [],
            Array [],
            Array [],
            Array [],
            Array [],
            Array [],
            Array [],
            Array [],
            Array [],
            Array [],
            Array [],
            Array [],
            Array [],
            Array [],
            Array [],
            Array [],
            Array [],
            Array [],
            Array [],
            Array [],
            Array [],
            Array [],
            Array [],
            Array [],
            Array [],
            Array [],
          ],
          "needTickCheck": false,
          "nextTick": null,
          "passive": true,
          "running": Object {},
          "tick": [Function],
        },
        "_readFileSync": [Function],
        "_readJson": [Function],
        "_readJsonStorage": Storage {
          "count": 0,
          "data": Object {},
          "duration": 60000,
          "interval": null,
          "levels": Array [
            Array [],
            Array [],
            Array [],
            Array [],
            Array [],
            Array [],
            Array [],
            Array [],
            Array [],
            Array [],
            Array [],
            Array [],
            Array [],
            Array [],
            Array [],
            Array [],
            Array [],
            Array [],
            Array [],
            Array [],
            Array [],
            Array [],
            Array [],
            Array [],
            Array [],
            Array [],
            Array [],
            Array [],
            Array [],
            Array [],
            Array [],
            Array [],
            Array [],
            Array [],
            Array [],
            Array [],
            Array [],
            Array [],
            Array [],
            Array [],
            Array [],
            Array [],
            Array [],
            Array [],
            Array [],
            Array [],
            Array [],
            Array [],
            Array [],
            Array [],
            Array [],
            Array [],
            Array [],
            Array [],
            Array [],
            Array [],
            Array [],
            Array [],
            Array [],
            Array [],
            Array [],
            Array [],
            Array [],
            Array [],
            Array [],
            Array [],
            Array [],
            Array [],
            Array [],
            Array [],
            Array [],
            Array [],
            Array [],
            Array [],
            Array [],
            Array [],
            Array [],
            Array [],
            Array [],
            Array [],
            Array [],
            Array [],
            Array [],
            Array [],
            Array [],
            Array [],
            Array [],
            Array [],
            Array [],
            Array [],
            Array [],
            Array [],
            Array [],
            Array [],
            Array [],
            Array [],
            Array [],
            Array [],
            Array [],
            Array [],
            Array [],
            Array [],
            Array [],
            Array [],
            Array [],
            Array [],
            Array [],
            Array [],
            Array [],
            Array [],
            Array [],
            Array [],
            Array [],
          ],
          "needTickCheck": false,
          "nextTick": null,
          "passive": true,
          "running": Object {},
          "tick": [Function],
        },
        "_readJsonSync": [Function],
        "_readdir": [Function],
        "_readdirStorage": Storage {
          "count": 0,
          "data": Object {},
          "duration": 60000,
          "interval": null,
          "levels": Array [
            Array [],
            Array [],
            Array [],
            Array [],
            Array [],
            Array [],
            Array [],
            Array [],
            Array [],
            Array [],
            Array [],
            Array [],
            Array [],
            Array [],
            Array [],
            Array [],
            Array [],
            Array [],
            Array [],
            Array [],
            Array [],
            Array [],
            Array [],
            Array [],
            Array [],
            Array [],
            Array [],
            Array [],
            Array [],
            Array [],
            Array [],
            Array [],
            Array [],
            Array [],
            Array [],
            Array [],
            Array [],
            Array [],
            Array [],
            Array [],
            Array [],
            Array [],
            Array [],
            Array [],
            Array [],
            Array [],
            Array [],
            Array [],
            Array [],
            Array [],
            Array [],
            Array [],
            Array [],
            Array [],
            Array [],
            Array [],
            Array [],
            Array [],
            Array [],
            Array [],
            Array [],
            Array [],
            Array [],
            Array [],
            Array [],
            Array [],
            Array [],
            Array [],
            Array [],
            Array [],
            Array [],
            Array [],
            Array [],
            Array [],
            Array [],
            Array [],
            Array [],
            Array [],
            Array [],
            Array [],
            Array [],
            Array [],
            Array [],
            Array [],
            Array [],
            Array [],
            Array [],
            Array [],
            Array [],
            Array [],
            Array [],
            Array [],
            Array [],
            Array [],
            Array [],
            Array [],
            Array [],
            Array [],
            Array [],
            Array [],
            Array [],
            Array [],
            Array [],
            Array [],
            Array [],
            Array [],
            Array [],
            Array [],
            Array [],
            Array [],
            Array [],
            Array [],
            Array [],
          ],
          "needTickCheck": false,
          "nextTick": null,
          "passive": true,
          "running": Object {},
          "tick": [Function],
        },
        "_readdirSync": [Function],
        "_readlink": [Function],
        "_readlinkStorage": Storage {
          "count": 0,
          "data": Object {},
          "duration": 60000,
          "interval": null,
          "levels": Array [
            Array [],
            Array [],
            Array [],
            Array [],
            Array [],
            Array [],
            Array [],
            Array [],
            Array [],
            Array [],
            Array [],
            Array [],
            Array [],
            Array [],
            Array [],
            Array [],
            Array [],
            Array [],
            Array [],
            Array [],
            Array [],
            Array [],
            Array [],
            Array [],
            Array [],
            Array [],
            Array [],
            Array [],
            Array [],
            Array [],
            Array [],
            Array [],
            Array [],
            Array [],
            Array [],
            Array [],
            Array [],
            Array [],
            Array [],
            Array [],
            Array [],
            Array [],
            Array [],
            Array [],
            Array [],
            Array [],
            Array [],
            Array [],
            Array [],
            Array [],
            Array [],
            Array [],
            Array [],
            Array [],
            Array [],
            Array [],
            Array [],
            Array [],
            Array [],
            Array [],
            Array [],
            Array [],
            Array [],
            Array [],
            Array [],
            Array [],
            Array [],
            Array [],
            Array [],
            Array [],
            Array [],
            Array [],
            Array [],
            Array [],
            Array [],
            Array [],
            Array [],
            Array [],
            Array [],
            Array [],
            Array [],
            Array [],
            Array [],
            Array [],
            Array [],
            Array [],
            Array [],
            Array [],
            Array [],
            Array [],
            Array [],
            Array [],
            Array [],
            Array [],
            Array [],
            Array [],
            Array [],
            Array [],
            Array [],
            Array [],
            Array [],
            Array [],
            Array [],
            Array [],
            Array [],
            Array [],
            Array [],
            Array [],
            Array [],
            Array [],
            Array [],
            Array [],
            Array [],
          ],
          "needTickCheck": false,
          "nextTick": null,
          "passive": true,
          "running": Object {},
          "tick": [Function],
        },
        "_readlinkSync": [Function],
        "_stat": [Function],
        "_statStorage": Storage {
          "count": 0,
          "data": Object {},
          "duration": 60000,
          "interval": null,
          "levels": Array [
            Array [],
            Array [],
            Array [],
            Array [],
            Array [],
            Array [],
            Array [],
            Array [],
            Array [],
            Array [],
            Array [],
            Array [],
            Array [],
            Array [],
            Array [],
            Array [],
            Array [],
            Array [],
            Array [],
            Array [],
            Array [],
            Array [],
            Array [],
            Array [],
            Array [],
            Array [],
            Array [],
            Array [],
            Array [],
            Array [],
            Array [],
            Array [],
            Array [],
            Array [],
            Array [],
            Array [],
            Array [],
            Array [],
            Array [],
            Array [],
            Array [],
            Array [],
            Array [],
            Array [],
            Array [],
            Array [],
            Array [],
            Array [],
            Array [],
            Array [],
            Array [],
            Array [],
            Array [],
            Array [],
            Array [],
            Array [],
            Array [],
            Array [],
            Array [],
            Array [],
            Array [],
            Array [],
            Array [],
            Array [],
            Array [],
            Array [],
            Array [],
            Array [],
            Array [],
            Array [],
            Array [],
            Array [],
            Array [],
            Array [],
            Array [],
            Array [],
            Array [],
            Array [],
            Array [],
            Array [],
            Array [],
            Array [],
            Array [],
            Array [],
            Array [],
            Array [],
            Array [],
            Array [],
            Array [],
            Array [],
            Array [],
            Array [],
            Array [],
            Array [],
            Array [],
            Array [],
            Array [],
            Array [],
            Array [],
            Array [],
            Array [],
            Array [],
            Array [],
            Array [],
            Array [],
            Array [],
            Array [],
            Array [],
            Array [],
            Array [],
            Array [],
            Array [],
            Array [],
          ],
          "needTickCheck": false,
          "nextTick": null,
          "passive": true,
          "running": Object {},
          "tick": [Function],
        },
        "_statSync": [Function],
        "fileSystem": NodeJsInputFileSystem {},
      },
    },
    "loader": Resolver {
      "_plugins": Object {
        "after-described-resolve": Array [
          [Function],
          [Function],
        ],
        "after-parsed-resolve": Array [
          [Function],
        ],
        "after-relative": Array [
          [Function],
        ],
        "after-undescribed-raw-file": Array [
          [Function],
        ],
        "described-relative": Array [
          [Function],
          [Function],
        ],
        "described-resolve": Array [
          [Function],
        ],
        "directory": Array [
          [Function],
        ],
        "existing-directory": Array [
          [Function],
          [Function],
          [Function],
          [Function],
        ],
        "existing-file": Array [
          [Function],
        ],
        "file": Array [
          [Function],
          [Function],
          [Function],
        ],
        "module": Array [
          [Function],
        ],
        "new-resolve": Array [
          [Function],
        ],
        "parsed-resolve": Array [
          [Function],
        ],
        "raw-file": Array [
          [Function],
          [Function],
          [Function],
          [Function],
        ],
        "raw-module": Array [
          [Function],
        ],
        "relative": Array [
          [Function],
        ],
        "resolve": Array [
          [Function],
        ],
        "resolved": Array [
          [Function],
        ],
        "undescribed-raw-file": Array [
          [Function],
        ],
      },
      "fileSystem": CachedInputFileSystem {
        "_readFile": [Function],
        "_readFileStorage": Storage {
          "count": 0,
          "data": Object {},
          "duration": 60000,
          "interval": null,
          "levels": Array [
            Array [],
            Array [],
            Array [],
            Array [],
            Array [],
            Array [],
            Array [],
            Array [],
            Array [],
            Array [],
            Array [],
            Array [],
            Array [],
            Array [],
            Array [],
            Array [],
            Array [],
            Array [],
            Array [],
            Array [],
            Array [],
            Array [],
            Array [],
            Array [],
            Array [],
            Array [],
            Array [],
            Array [],
            Array [],
            Array [],
            Array [],
            Array [],
            Array [],
            Array [],
            Array [],
            Array [],
            Array [],
            Array [],
            Array [],
            Array [],
            Array [],
            Array [],
            Array [],
            Array [],
            Array [],
            Array [],
            Array [],
            Array [],
            Array [],
            Array [],
            Array [],
            Array [],
            Array [],
            Array [],
            Array [],
            Array [],
            Array [],
            Array [],
            Array [],
            Array [],
            Array [],
            Array [],
            Array [],
            Array [],
            Array [],
            Array [],
            Array [],
            Array [],
            Array [],
            Array [],
            Array [],
            Array [],
            Array [],
            Array [],
            Array [],
            Array [],
            Array [],
            Array [],
            Array [],
            Array [],
            Array [],
            Array [],
            Array [],
            Array [],
            Array [],
            Array [],
            Array [],
            Array [],
            Array [],
            Array [],
            Array [],
            Array [],
            Array [],
            Array [],
            Array [],
            Array [],
            Array [],
            Array [],
            Array [],
            Array [],
            Array [],
            Array [],
            Array [],
            Array [],
            Array [],
            Array [],
            Array [],
            Array [],
            Array [],
            Array [],
            Array [],
            Array [],
            Array [],
          ],
          "needTickCheck": false,
          "nextTick": null,
          "passive": true,
          "running": Object {},
          "tick": [Function],
        },
        "_readFileSync": [Function],
        "_readJson": [Function],
        "_readJsonStorage": Storage {
          "count": 0,
          "data": Object {},
          "duration": 60000,
          "interval": null,
          "levels": Array [
            Array [],
            Array [],
            Array [],
            Array [],
            Array [],
            Array [],
            Array [],
            Array [],
            Array [],
            Array [],
            Array [],
            Array [],
            Array [],
            Array [],
            Array [],
            Array [],
            Array [],
            Array [],
            Array [],
            Array [],
            Array [],
            Array [],
            Array [],
            Array [],
            Array [],
            Array [],
            Array [],
            Array [],
            Array [],
            Array [],
            Array [],
            Array [],
            Array [],
            Array [],
            Array [],
            Array [],
            Array [],
            Array [],
            Array [],
            Array [],
            Array [],
            Array [],
            Array [],
            Array [],
            Array [],
            Array [],
            Array [],
            Array [],
            Array [],
            Array [],
            Array [],
            Array [],
            Array [],
            Array [],
            Array [],
            Array [],
            Array [],
            Array [],
            Array [],
            Array [],
            Array [],
            Array [],
            Array [],
            Array [],
            Array [],
            Array [],
            Array [],
            Array [],
            Array [],
            Array [],
            Array [],
            Array [],
            Array [],
            Array [],
            Array [],
            Array [],
            Array [],
            Array [],
            Array [],
            Array [],
            Array [],
            Array [],
            Array [],
            Array [],
            Array [],
            Array [],
            Array [],
            Array [],
            Array [],
            Array [],
            Array [],
            Array [],
            Array [],
            Array [],
            Array [],
            Array [],
            Array [],
            Array [],
            Array [],
            Array [],
            Array [],
            Array [],
            Array [],
            Array [],
            Array [],
            Array [],
            Array [],
            Array [],
            Array [],
            Array [],
            Array [],
            Array [],
            Array [],
          ],
          "needTickCheck": false,
          "nextTick": null,
          "passive": true,
          "running": Object {},
          "tick": [Function],
        },
        "_readJsonSync": [Function],
        "_readdir": [Function],
        "_readdirStorage": Storage {
          "count": 0,
          "data": Object {},
          "duration": 60000,
          "interval": null,
          "levels": Array [
            Array [],
            Array [],
            Array [],
            Array [],
            Array [],
            Array [],
            Array [],
            Array [],
            Array [],
            Array [],
            Array [],
            Array [],
            Array [],
            Array [],
            Array [],
            Array [],
            Array [],
            Array [],
            Array [],
            Array [],
            Array [],
            Array [],
            Array [],
            Array [],
            Array [],
            Array [],
            Array [],
            Array [],
            Array [],
            Array [],
            Array [],
            Array [],
            Array [],
            Array [],
            Array [],
            Array [],
            Array [],
            Array [],
            Array [],
            Array [],
            Array [],
            Array [],
            Array [],
            Array [],
            Array [],
            Array [],
            Array [],
            Array [],
            Array [],
            Array [],
            Array [],
            Array [],
            Array [],
            Array [],
            Array [],
            Array [],
            Array [],
            Array [],
            Array [],
            Array [],
            Array [],
            Array [],
            Array [],
            Array [],
            Array [],
            Array [],
            Array [],
            Array [],
            Array [],
            Array [],
            Array [],
            Array [],
            Array [],
            Array [],
            Array [],
            Array [],
            Array [],
            Array [],
            Array [],
            Array [],
            Array [],
            Array [],
            Array [],
            Array [],
            Array [],
            Array [],
            Array [],
            Array [],
            Array [],
            Array [],
            Array [],
            Array [],
            Array [],
            Array [],
            Array [],
            Array [],
            Array [],
            Array [],
            Array [],
            Array [],
            Array [],
            Array [],
            Array [],
            Array [],
            Array [],
            Array [],
            Array [],
            Array [],
            Array [],
            Array [],
            Array [],
            Array [],
            Array [],
          ],
          "needTickCheck": false,
          "nextTick": null,
          "passive": true,
          "running": Object {},
          "tick": [Function],
        },
        "_readdirSync": [Function],
        "_readlink": [Function],
        "_readlinkStorage": Storage {
          "count": 0,
          "data": Object {},
          "duration": 60000,
          "interval": null,
          "levels": Array [
            Array [],
            Array [],
            Array [],
            Array [],
            Array [],
            Array [],
            Array [],
            Array [],
            Array [],
            Array [],
            Array [],
            Array [],
            Array [],
            Array [],
            Array [],
            Array [],
            Array [],
            Array [],
            Array [],
            Array [],
            Array [],
            Array [],
            Array [],
            Array [],
            Array [],
            Array [],
            Array [],
            Array [],
            Array [],
            Array [],
            Array [],
            Array [],
            Array [],
            Array [],
            Array [],
            Array [],
            Array [],
            Array [],
            Array [],
            Array [],
            Array [],
            Array [],
            Array [],
            Array [],
            Array [],
            Array [],
            Array [],
            Array [],
            Array [],
            Array [],
            Array [],
            Array [],
            Array [],
            Array [],
            Array [],
            Array [],
            Array [],
            Array [],
            Array [],
            Array [],
            Array [],
            Array [],
            Array [],
            Array [],
            Array [],
            Array [],
            Array [],
            Array [],
            Array [],
            Array [],
            Array [],
            Array [],
            Array [],
            Array [],
            Array [],
            Array [],
            Array [],
            Array [],
            Array [],
            Array [],
            Array [],
            Array [],
            Array [],
            Array [],
            Array [],
            Array [],
            Array [],
            Array [],
            Array [],
            Array [],
            Array [],
            Array [],
            Array [],
            Array [],
            Array [],
            Array [],
            Array [],
            Array [],
            Array [],
            Array [],
            Array [],
            Array [],
            Array [],
            Array [],
            Array [],
            Array [],
            Array [],
            Array [],
            Array [],
            Array [],
            Array [],
            Array [],
            Array [],
          ],
          "needTickCheck": false,
          "nextTick": null,
          "passive": true,
          "running": Object {},
          "tick": [Function],
        },
        "_readlinkSync": [Function],
        "_stat": [Function],
        "_statStorage": Storage {
          "count": 0,
          "data": Object {},
          "duration": 60000,
          "interval": null,
          "levels": Array [
            Array [],
            Array [],
            Array [],
            Array [],
            Array [],
            Array [],
            Array [],
            Array [],
            Array [],
            Array [],
            Array [],
            Array [],
            Array [],
            Array [],
            Array [],
            Array [],
            Array [],
            Array [],
            Array [],
            Array [],
            Array [],
            Array [],
            Array [],
            Array [],
            Array [],
            Array [],
            Array [],
            Array [],
            Array [],
            Array [],
            Array [],
            Array [],
            Array [],
            Array [],
            Array [],
            Array [],
            Array [],
            Array [],
            Array [],
            Array [],
            Array [],
            Array [],
            Array [],
            Array [],
            Array [],
            Array [],
            Array [],
            Array [],
            Array [],
            Array [],
            Array [],
            Array [],
            Array [],
            Array [],
            Array [],
            Array [],
            Array [],
            Array [],
            Array [],
            Array [],
            Array [],
            Array [],
            Array [],
            Array [],
            Array [],
            Array [],
            Array [],
            Array [],
            Array [],
            Array [],
            Array [],
            Array [],
            Array [],
            Array [],
            Array [],
            Array [],
            Array [],
            Array [],
            Array [],
            Array [],
            Array [],
            Array [],
            Array [],
            Array [],
            Array [],
            Array [],
            Array [],
            Array [],
            Array [],
            Array [],
            Array [],
            Array [],
            Array [],
            Array [],
            Array [],
            Array [],
            Array [],
            Array [],
            Array [],
            Array [],
            Array [],
            Array [],
            Array [],
            Array [],
            Array [],
            Array [],
            Array [],
            Array [],
            Array [],
            Array [],
            Array [],
            Array [],
            Array [],
          ],
          "needTickCheck": false,
          "nextTick": null,
          "passive": true,
          "running": Object {},
          "tick": [Function],
        },
        "_statSync": [Function],
        "fileSystem": NodeJsInputFileSystem {},
      },
    },
    "normal": Resolver {
      "_plugins": Object {
        "after-described-resolve": Array [
          [Function],
          [Function],
        ],
        "after-parsed-resolve": Array [
          [Function],
        ],
        "after-relative": Array [
          [Function],
        ],
        "after-undescribed-raw-file": Array [
          [Function],
        ],
        "described-relative": Array [
          [Function],
          [Function],
        ],
        "described-resolve": Array [
          [Function],
          [Function],
          [Function],
          [Function],
          [Function],
          [Function],
          [Function],
          [Function],
          [Function],
          [Function],
          [Function],
          [Function],
          [Function],
          [Function],
          [Function],
          [Function],
          [Function],
          [Function],
          [Function],
          [Function],
          [Function],
          [Function],
          [Function],
          [Function],
          [Function],
          [Function],
          [Function],
          [Function],
          [Function],
          [Function],
          [Function],
          [Function],
          [Function],
          [Function],
          [Function],
          [Function],
          [Function],
          [Function],
          [Function],
          [Function],
          [Function],
          [Function],
        ],
        "directory": Array [
          [Function],
        ],
        "existing-directory": Array [
          [Function],
          [Function],
          [Function],
          [Function],
          [Function],
        ],
        "existing-file": Array [
          [Function],
        ],
        "file": Array [
          [Function],
          [Function],
          [Function],
          [Function],
        ],
        "module": Array [
          [Function],
        ],
        "new-resolve": Array [
          [Function],
        ],
        "parsed-resolve": Array [
          [Function],
        ],
        "raw-file": Array [
          [Function],
          [Function],
          [Function],
          [Function],
        ],
        "raw-module": Array [
          [Function],
        ],
        "relative": Array [
          [Function],
        ],
        "resolve": Array [
          [Function],
        ],
        "resolved": Array [
          [Function],
        ],
        "undescribed-raw-file": Array [
          [Function],
        ],
      },
      "fileSystem": CachedInputFileSystem {
        "_readFile": [Function],
        "_readFileStorage": Storage {
          "count": 0,
          "data": Object {},
          "duration": 60000,
          "interval": null,
          "levels": Array [
            Array [],
            Array [],
            Array [],
            Array [],
            Array [],
            Array [],
            Array [],
            Array [],
            Array [],
            Array [],
            Array [],
            Array [],
            Array [],
            Array [],
            Array [],
            Array [],
            Array [],
            Array [],
            Array [],
            Array [],
            Array [],
            Array [],
            Array [],
            Array [],
            Array [],
            Array [],
            Array [],
            Array [],
            Array [],
            Array [],
            Array [],
            Array [],
            Array [],
            Array [],
            Array [],
            Array [],
            Array [],
            Array [],
            Array [],
            Array [],
            Array [],
            Array [],
            Array [],
            Array [],
            Array [],
            Array [],
            Array [],
            Array [],
            Array [],
            Array [],
            Array [],
            Array [],
            Array [],
            Array [],
            Array [],
            Array [],
            Array [],
            Array [],
            Array [],
            Array [],
            Array [],
            Array [],
            Array [],
            Array [],
            Array [],
            Array [],
            Array [],
            Array [],
            Array [],
            Array [],
            Array [],
            Array [],
            Array [],
            Array [],
            Array [],
            Array [],
            Array [],
            Array [],
            Array [],
            Array [],
            Array [],
            Array [],
            Array [],
            Array [],
            Array [],
            Array [],
            Array [],
            Array [],
            Array [],
            Array [],
            Array [],
            Array [],
            Array [],
            Array [],
            Array [],
            Array [],
            Array [],
            Array [],
            Array [],
            Array [],
            Array [],
            Array [],
            Array [],
            Array [],
            Array [],
            Array [],
            Array [],
            Array [],
            Array [],
            Array [],
            Array [],
            Array [],
            Array [],
          ],
          "needTickCheck": false,
          "nextTick": null,
          "passive": true,
          "running": Object {},
          "tick": [Function],
        },
        "_readFileSync": [Function],
        "_readJson": [Function],
        "_readJsonStorage": Storage {
          "count": 0,
          "data": Object {},
          "duration": 60000,
          "interval": null,
          "levels": Array [
            Array [],
            Array [],
            Array [],
            Array [],
            Array [],
            Array [],
            Array [],
            Array [],
            Array [],
            Array [],
            Array [],
            Array [],
            Array [],
            Array [],
            Array [],
            Array [],
            Array [],
            Array [],
            Array [],
            Array [],
            Array [],
            Array [],
            Array [],
            Array [],
            Array [],
            Array [],
            Array [],
            Array [],
            Array [],
            Array [],
            Array [],
            Array [],
            Array [],
            Array [],
            Array [],
            Array [],
            Array [],
            Array [],
            Array [],
            Array [],
            Array [],
            Array [],
            Array [],
            Array [],
            Array [],
            Array [],
            Array [],
            Array [],
            Array [],
            Array [],
            Array [],
            Array [],
            Array [],
            Array [],
            Array [],
            Array [],
            Array [],
            Array [],
            Array [],
            Array [],
            Array [],
            Array [],
            Array [],
            Array [],
            Array [],
            Array [],
            Array [],
            Array [],
            Array [],
            Array [],
            Array [],
            Array [],
            Array [],
            Array [],
            Array [],
            Array [],
            Array [],
            Array [],
            Array [],
            Array [],
            Array [],
            Array [],
            Array [],
            Array [],
            Array [],
            Array [],
            Array [],
            Array [],
            Array [],
            Array [],
            Array [],
            Array [],
            Array [],
            Array [],
            Array [],
            Array [],
            Array [],
            Array [],
            Array [],
            Array [],
            Array [],
            Array [],
            Array [],
            Array [],
            Array [],
            Array [],
            Array [],
            Array [],
            Array [],
            Array [],
            Array [],
            Array [],
            Array [],
          ],
          "needTickCheck": false,
          "nextTick": null,
          "passive": true,
          "running": Object {},
          "tick": [Function],
        },
        "_readJsonSync": [Function],
        "_readdir": [Function],
        "_readdirStorage": Storage {
          "count": 0,
          "data": Object {},
          "duration": 60000,
          "interval": null,
          "levels": Array [
            Array [],
            Array [],
            Array [],
            Array [],
            Array [],
            Array [],
            Array [],
            Array [],
            Array [],
            Array [],
            Array [],
            Array [],
            Array [],
            Array [],
            Array [],
            Array [],
            Array [],
            Array [],
            Array [],
            Array [],
            Array [],
            Array [],
            Array [],
            Array [],
            Array [],
            Array [],
            Array [],
            Array [],
            Array [],
            Array [],
            Array [],
            Array [],
            Array [],
            Array [],
            Array [],
            Array [],
            Array [],
            Array [],
            Array [],
            Array [],
            Array [],
            Array [],
            Array [],
            Array [],
            Array [],
            Array [],
            Array [],
            Array [],
            Array [],
            Array [],
            Array [],
            Array [],
            Array [],
            Array [],
            Array [],
            Array [],
            Array [],
            Array [],
            Array [],
            Array [],
            Array [],
            Array [],
            Array [],
            Array [],
            Array [],
            Array [],
            Array [],
            Array [],
            Array [],
            Array [],
            Array [],
            Array [],
            Array [],
            Array [],
            Array [],
            Array [],
            Array [],
            Array [],
            Array [],
            Array [],
            Array [],
            Array [],
            Array [],
            Array [],
            Array [],
            Array [],
            Array [],
            Array [],
            Array [],
            Array [],
            Array [],
            Array [],
            Array [],
            Array [],
            Array [],
            Array [],
            Array [],
            Array [],
            Array [],
            Array [],
            Array [],
            Array [],
            Array [],
            Array [],
            Array [],
            Array [],
            Array [],
            Array [],
            Array [],
            Array [],
            Array [],
            Array [],
            Array [],
          ],
          "needTickCheck": false,
          "nextTick": null,
          "passive": true,
          "running": Object {},
          "tick": [Function],
        },
        "_readdirSync": [Function],
        "_readlink": [Function],
        "_readlinkStorage": Storage {
          "count": 0,
          "data": Object {},
          "duration": 60000,
          "interval": null,
          "levels": Array [
            Array [],
            Array [],
            Array [],
            Array [],
            Array [],
            Array [],
            Array [],
            Array [],
            Array [],
            Array [],
            Array [],
            Array [],
            Array [],
            Array [],
            Array [],
            Array [],
            Array [],
            Array [],
            Array [],
            Array [],
            Array [],
            Array [],
            Array [],
            Array [],
            Array [],
            Array [],
            Array [],
            Array [],
            Array [],
            Array [],
            Array [],
            Array [],
            Array [],
            Array [],
            Array [],
            Array [],
            Array [],
            Array [],
            Array [],
            Array [],
            Array [],
            Array [],
            Array [],
            Array [],
            Array [],
            Array [],
            Array [],
            Array [],
            Array [],
            Array [],
            Array [],
            Array [],
            Array [],
            Array [],
            Array [],
            Array [],
            Array [],
            Array [],
            Array [],
            Array [],
            Array [],
            Array [],
            Array [],
            Array [],
            Array [],
            Array [],
            Array [],
            Array [],
            Array [],
            Array [],
            Array [],
            Array [],
            Array [],
            Array [],
            Array [],
            Array [],
            Array [],
            Array [],
            Array [],
            Array [],
            Array [],
            Array [],
            Array [],
            Array [],
            Array [],
            Array [],
            Array [],
            Array [],
            Array [],
            Array [],
            Array [],
            Array [],
            Array [],
            Array [],
            Array [],
            Array [],
            Array [],
            Array [],
            Array [],
            Array [],
            Array [],
            Array [],
            Array [],
            Array [],
            Array [],
            Array [],
            Array [],
            Array [],
            Array [],
            Array [],
            Array [],
            Array [],
            Array [],
          ],
          "needTickCheck": false,
          "nextTick": null,
          "passive": true,
          "running": Object {},
          "tick": [Function],
        },
        "_readlinkSync": [Function],
        "_stat": [Function],
        "_statStorage": Storage {
          "count": 0,
          "data": Object {},
          "duration": 60000,
          "interval": null,
          "levels": Array [
            Array [],
            Array [],
            Array [],
            Array [],
            Array [],
            Array [],
            Array [],
            Array [],
            Array [],
            Array [],
            Array [],
            Array [],
            Array [],
            Array [],
            Array [],
            Array [],
            Array [],
            Array [],
            Array [],
            Array [],
            Array [],
            Array [],
            Array [],
            Array [],
            Array [],
            Array [],
            Array [],
            Array [],
            Array [],
            Array [],
            Array [],
            Array [],
            Array [],
            Array [],
            Array [],
            Array [],
            Array [],
            Array [],
            Array [],
            Array [],
            Array [],
            Array [],
            Array [],
            Array [],
            Array [],
            Array [],
            Array [],
            Array [],
            Array [],
            Array [],
            Array [],
            Array [],
            Array [],
            Array [],
            Array [],
            Array [],
            Array [],
            Array [],
            Array [],
            Array [],
            Array [],
            Array [],
            Array [],
            Array [],
            Array [],
            Array [],
            Array [],
            Array [],
            Array [],
            Array [],
            Array [],
            Array [],
            Array [],
            Array [],
            Array [],
            Array [],
            Array [],
            Array [],
            Array [],
            Array [],
            Array [],
            Array [],
            Array [],
            Array [],
            Array [],
            Array [],
            Array [],
            Array [],
            Array [],
            Array [],
            Array [],
            Array [],
            Array [],
            Array [],
            Array [],
            Array [],
            Array [],
            Array [],
            Array [],
            Array [],
            Array [],
            Array [],
            Array [],
            Array [],
            Array [],
            Array [],
            Array [],
            Array [],
            Array [],
            Array [],
            Array [],
            Array [],
            Array [],
          ],
          "needTickCheck": false,
          "nextTick": null,
          "passive": true,
          "running": Object {},
          "tick": [Function],
        },
        "_statSync": [Function],
        "fileSystem": NodeJsInputFileSystem {},
      },
    },
  },
  "watchFileSystem": NodeWatchFileSystem {
    "inputFileSystem": CachedInputFileSystem {
      "_readFile": [Function],
      "_readFileStorage": Storage {
        "count": 0,
        "data": Object {},
        "duration": 60000,
        "interval": null,
        "levels": Array [
          Array [],
          Array [],
          Array [],
          Array [],
          Array [],
          Array [],
          Array [],
          Array [],
          Array [],
          Array [],
          Array [],
          Array [],
          Array [],
          Array [],
          Array [],
          Array [],
          Array [],
          Array [],
          Array [],
          Array [],
          Array [],
          Array [],
          Array [],
          Array [],
          Array [],
          Array [],
          Array [],
          Array [],
          Array [],
          Array [],
          Array [],
          Array [],
          Array [],
          Array [],
          Array [],
          Array [],
          Array [],
          Array [],
          Array [],
          Array [],
          Array [],
          Array [],
          Array [],
          Array [],
          Array [],
          Array [],
          Array [],
          Array [],
          Array [],
          Array [],
          Array [],
          Array [],
          Array [],
          Array [],
          Array [],
          Array [],
          Array [],
          Array [],
          Array [],
          Array [],
          Array [],
          Array [],
          Array [],
          Array [],
          Array [],
          Array [],
          Array [],
          Array [],
          Array [],
          Array [],
          Array [],
          Array [],
          Array [],
          Array [],
          Array [],
          Array [],
          Array [],
          Array [],
          Array [],
          Array [],
          Array [],
          Array [],
          Array [],
          Array [],
          Array [],
          Array [],
          Array [],
          Array [],
          Array [],
          Array [],
          Array [],
          Array [],
          Array [],
          Array [],
          Array [],
          Array [],
          Array [],
          Array [],
          Array [],
          Array [],
          Array [],
          Array [],
          Array [],
          Array [],
          Array [],
          Array [],
          Array [],
          Array [],
          Array [],
          Array [],
          Array [],
          Array [],
          Array [],
        ],
        "needTickCheck": false,
        "nextTick": null,
        "passive": true,
        "running": Object {},
        "tick": [Function],
      },
      "_readFileSync": [Function],
      "_readJson": [Function],
      "_readJsonStorage": Storage {
        "count": 0,
        "data": Object {},
        "duration": 60000,
        "interval": null,
        "levels": Array [
          Array [],
          Array [],
          Array [],
          Array [],
          Array [],
          Array [],
          Array [],
          Array [],
          Array [],
          Array [],
          Array [],
          Array [],
          Array [],
          Array [],
          Array [],
          Array [],
          Array [],
          Array [],
          Array [],
          Array [],
          Array [],
          Array [],
          Array [],
          Array [],
          Array [],
          Array [],
          Array [],
          Array [],
          Array [],
          Array [],
          Array [],
          Array [],
          Array [],
          Array [],
          Array [],
          Array [],
          Array [],
          Array [],
          Array [],
          Array [],
          Array [],
          Array [],
          Array [],
          Array [],
          Array [],
          Array [],
          Array [],
          Array [],
          Array [],
          Array [],
          Array [],
          Array [],
          Array [],
          Array [],
          Array [],
          Array [],
          Array [],
          Array [],
          Array [],
          Array [],
          Array [],
          Array [],
          Array [],
          Array [],
          Array [],
          Array [],
          Array [],
          Array [],
          Array [],
          Array [],
          Array [],
          Array [],
          Array [],
          Array [],
          Array [],
          Array [],
          Array [],
          Array [],
          Array [],
          Array [],
          Array [],
          Array [],
          Array [],
          Array [],
          Array [],
          Array [],
          Array [],
          Array [],
          Array [],
          Array [],
          Array [],
          Array [],
          Array [],
          Array [],
          Array [],
          Array [],
          Array [],
          Array [],
          Array [],
          Array [],
          Array [],
          Array [],
          Array [],
          Array [],
          Array [],
          Array [],
          Array [],
          Array [],
          Array [],
          Array [],
          Array [],
          Array [],
          Array [],
        ],
        "needTickCheck": false,
        "nextTick": null,
        "passive": true,
        "running": Object {},
        "tick": [Function],
      },
      "_readJsonSync": [Function],
      "_readdir": [Function],
      "_readdirStorage": Storage {
        "count": 0,
        "data": Object {},
        "duration": 60000,
        "interval": null,
        "levels": Array [
          Array [],
          Array [],
          Array [],
          Array [],
          Array [],
          Array [],
          Array [],
          Array [],
          Array [],
          Array [],
          Array [],
          Array [],
          Array [],
          Array [],
          Array [],
          Array [],
          Array [],
          Array [],
          Array [],
          Array [],
          Array [],
          Array [],
          Array [],
          Array [],
          Array [],
          Array [],
          Array [],
          Array [],
          Array [],
          Array [],
          Array [],
          Array [],
          Array [],
          Array [],
          Array [],
          Array [],
          Array [],
          Array [],
          Array [],
          Array [],
          Array [],
          Array [],
          Array [],
          Array [],
          Array [],
          Array [],
          Array [],
          Array [],
          Array [],
          Array [],
          Array [],
          Array [],
          Array [],
          Array [],
          Array [],
          Array [],
          Array [],
          Array [],
          Array [],
          Array [],
          Array [],
          Array [],
          Array [],
          Array [],
          Array [],
          Array [],
          Array [],
          Array [],
          Array [],
          Array [],
          Array [],
          Array [],
          Array [],
          Array [],
          Array [],
          Array [],
          Array [],
          Array [],
          Array [],
          Array [],
          Array [],
          Array [],
          Array [],
          Array [],
          Array [],
          Array [],
          Array [],
          Array [],
          Array [],
          Array [],
          Array [],
          Array [],
          Array [],
          Array [],
          Array [],
          Array [],
          Array [],
          Array [],
          Array [],
          Array [],
          Array [],
          Array [],
          Array [],
          Array [],
          Array [],
          Array [],
          Array [],
          Array [],
          Array [],
          Array [],
          Array [],
          Array [],
          Array [],
        ],
        "needTickCheck": false,
        "nextTick": null,
        "passive": true,
        "running": Object {},
        "tick": [Function],
      },
      "_readdirSync": [Function],
      "_readlink": [Function],
      "_readlinkStorage": Storage {
        "count": 0,
        "data": Object {},
        "duration": 60000,
        "interval": null,
        "levels": Array [
          Array [],
          Array [],
          Array [],
          Array [],
          Array [],
          Array [],
          Array [],
          Array [],
          Array [],
          Array [],
          Array [],
          Array [],
          Array [],
          Array [],
          Array [],
          Array [],
          Array [],
          Array [],
          Array [],
          Array [],
          Array [],
          Array [],
          Array [],
          Array [],
          Array [],
          Array [],
          Array [],
          Array [],
          Array [],
          Array [],
          Array [],
          Array [],
          Array [],
          Array [],
          Array [],
          Array [],
          Array [],
          Array [],
          Array [],
          Array [],
          Array [],
          Array [],
          Array [],
          Array [],
          Array [],
          Array [],
          Array [],
          Array [],
          Array [],
          Array [],
          Array [],
          Array [],
          Array [],
          Array [],
          Array [],
          Array [],
          Array [],
          Array [],
          Array [],
          Array [],
          Array [],
          Array [],
          Array [],
          Array [],
          Array [],
          Array [],
          Array [],
          Array [],
          Array [],
          Array [],
          Array [],
          Array [],
          Array [],
          Array [],
          Array [],
          Array [],
          Array [],
          Array [],
          Array [],
          Array [],
          Array [],
          Array [],
          Array [],
          Array [],
          Array [],
          Array [],
          Array [],
          Array [],
          Array [],
          Array [],
          Array [],
          Array [],
          Array [],
          Array [],
          Array [],
          Array [],
          Array [],
          Array [],
          Array [],
          Array [],
          Array [],
          Array [],
          Array [],
          Array [],
          Array [],
          Array [],
          Array [],
          Array [],
          Array [],
          Array [],
          Array [],
          Array [],
          Array [],
        ],
        "needTickCheck": false,
        "nextTick": null,
        "passive": true,
        "running": Object {},
        "tick": [Function],
      },
      "_readlinkSync": [Function],
      "_stat": [Function],
      "_statStorage": Storage {
        "count": 0,
        "data": Object {},
        "duration": 60000,
        "interval": null,
        "levels": Array [
          Array [],
          Array [],
          Array [],
          Array [],
          Array [],
          Array [],
          Array [],
          Array [],
          Array [],
          Array [],
          Array [],
          Array [],
          Array [],
          Array [],
          Array [],
          Array [],
          Array [],
          Array [],
          Array [],
          Array [],
          Array [],
          Array [],
          Array [],
          Array [],
          Array [],
          Array [],
          Array [],
          Array [],
          Array [],
          Array [],
          Array [],
          Array [],
          Array [],
          Array [],
          Array [],
          Array [],
          Array [],
          Array [],
          Array [],
          Array [],
          Array [],
          Array [],
          Array [],
          Array [],
          Array [],
          Array [],
          Array [],
          Array [],
          Array [],
          Array [],
          Array [],
          Array [],
          Array [],
          Array [],
          Array [],
          Array [],
          Array [],
          Array [],
          Array [],
          Array [],
          Array [],
          Array [],
          Array [],
          Array [],
          Array [],
          Array [],
          Array [],
          Array [],
          Array [],
          Array [],
          Array [],
          Array [],
          Array [],
          Array [],
          Array [],
          Array [],
          Array [],
          Array [],
          Array [],
          Array [],
          Array [],
          Array [],
          Array [],
          Array [],
          Array [],
          Array [],
          Array [],
          Array [],
          Array [],
          Array [],
          Array [],
          Array [],
          Array [],
          Array [],
          Array [],
          Array [],
          Array [],
          Array [],
          Array [],
          Array [],
          Array [],
          Array [],
          Array [],
          Array [],
          Array [],
          Array [],
          Array [],
          Array [],
          Array [],
          Array [],
          Array [],
          Array [],
          Array [],
        ],
        "needTickCheck": false,
        "nextTick": null,
        "passive": true,
        "running": Object {},
        "tick": [Function],
      },
      "_statSync": [Function],
      "fileSystem": NodeJsInputFileSystem {},
    },
    "watcher": EventEmitter {
      "_events": Object {},
      "_eventsCount": 0,
      "_maxListeners": undefined,
      "_onTimeout": [Function],
      "aggregateTimeout": 0,
      "aggregatedChanges": Array [],
      "aggregatedRemovals": Array [],
      "dirWatchers": Array [],
      "domain": null,
      "fileWatchers": Array [],
      "mtimes": Object {},
      "options": Object {
        "aggregateTimeout": 200,
      },
      "paused": false,
      "watcherOptions": Object {
        "ignored": undefined,
        "poll": undefined,
      },
    },
    "watcherOptions": Object {
      "aggregateTimeout": 200,
    },
  },
}
`;

exports[`errors 1`] = `Array []`;

exports[`errors 2`] = `Array []`;

exports[`errors 3`] = `Array []`;

exports[`main.4e5a10269ba18219d140.js 1`] = `
"/******/ (function(modules) { // webpackBootstrap
/******/ 	// The module cache
/******/ 	var installedModules = {};
/******/
/******/ 	// The require function
/******/ 	function __webpack_require__(moduleId) {
/******/
/******/ 		// Check if module is in cache
/******/ 		if(installedModules[moduleId]) {
/******/ 			return installedModules[moduleId].exports;
/******/ 		}
/******/ 		// Create a new module (and put it into the cache)
/******/ 		var module = installedModules[moduleId] = {
/******/ 			i: moduleId,
/******/ 			l: false,
/******/ 			exports: {}
/******/ 		};
/******/
/******/ 		// Execute the module function
/******/ 		modules[moduleId].call(module.exports, module, module.exports, __webpack_require__);
/******/
/******/ 		// Flag the module as loaded
/******/ 		module.l = true;
/******/
/******/ 		// Return the exports of the module
/******/ 		return module.exports;
/******/ 	}
/******/
/******/
/******/ 	// expose the modules object (__webpack_modules__)
/******/ 	__webpack_require__.m = modules;
/******/
/******/ 	// expose the module cache
/******/ 	__webpack_require__.c = installedModules;
/******/
/******/ 	// define getter function for harmony exports
/******/ 	__webpack_require__.d = function(exports, name, getter) {
/******/ 		if(!__webpack_require__.o(exports, name)) {
/******/ 			Object.defineProperty(exports, name, {
/******/ 				configurable: false,
/******/ 				enumerable: true,
/******/ 				get: getter
/******/ 			});
/******/ 		}
/******/ 	};
/******/
/******/ 	// getDefaultExport function for compatibility with non-harmony modules
/******/ 	__webpack_require__.n = function(module) {
/******/ 		var getter = module && module.__esModule ?
/******/ 			function getDefault() { return module['default']; } :
/******/ 			function getModuleExports() { return module; };
/******/ 		__webpack_require__.d(getter, 'a', getter);
/******/ 		return getter;
/******/ 	};
/******/
/******/ 	// Object.prototype.hasOwnProperty.call
/******/ 	__webpack_require__.o = function(object, property) { return Object.prototype.hasOwnProperty.call(object, property); };
/******/
/******/ 	// __webpack_public_path__
/******/ 	__webpack_require__.p = \\"\\";
/******/
/******/ 	// Load entry module and return exports
/******/ 	return __webpack_require__(__webpack_require__.s = 0);
/******/ })
/************************************************************************/
/******/ ([
/* 0 */
/***/ (function(module, exports) {

// foo
/* @preserve*/
// bar
const a = 2 + 2;

module.exports = function Foo() {
  const b = 2 + 2;
  console.log(b + 1 + 2);
};


/***/ })
/******/ ]);"
`;

exports[`main.4e5a10269ba18219d140.js 2`] = `"!function(n){function t(r){if(e[r])return e[r].exports;var o=e[r]={i:r,l:!1,exports:{}};return n[r].call(o.exports,o,o.exports,t),o.l=!0,o.exports}var e={};t.m=n,t.c=e,t.d=function(n,e,r){t.o(n,e)||Object.defineProperty(n,e,{configurable:!1,enumerable:!0,get:r})},t.n=function(n){var e=n&&n.__esModule?function(){return n.default}:function(){return n};return t.d(e,\\"a\\",e),e},t.o=function(n,t){return Object.prototype.hasOwnProperty.call(n,t)},t.p=\\"\\",t(t.s=0)}([function(n,t){n.exports=function(){console.log(7)}}]);"`;

exports[`main.db8335aef59d7a30f804.js 1`] = `"!function(t){function e(n){if(r[n])return r[n].exports;var o=r[n]={i:n,l:!1,exports:{}};return t[n].call(o.exports,o,o.exports,e),o.l=!0,o.exports}var r={};e.m=t,e.c=r,e.d=function(t,r,n){e.o(t,r)||Object.defineProperty(t,r,{configurable:!1,enumerable:!0,get:n})},e.n=function(t){var r=t&&t.__esModule?function(){return t.default}:function(){return t};return e.d(r,\\"a\\",r),r},e.o=function(t,e){return Object.prototype.hasOwnProperty.call(t,e)},e.p=\\"\\",e(e.s=0)}([function(t,e,r){\\"use strict\\";Object.defineProperty(e,\\"__esModule\\",{value:!0});var n=r(1);e.default=function(){const t=n.b,e=\`baz\${Math.random()}\`;return()=>({a:t+n.a+e,b:t,baz:e})}},function(t,e,r){\\"use strict\\";e.a=\\"bar\\",e.b=\\"foo\\"}]);"`;

exports[`warnings 1`] = `Array []`;

exports[`warnings 2`] = `Array []`;

exports[`warnings 3`] = `Array []`;
